<head>
    <meta charset="utf-8">
    <meta http-equiv="X-UA-Compatible" content="IE=edge">
    <title>Prerender Test App</title>
    <meta name="description" content="">
    <meta name="viewport" content="width=device-width, initial-scale=1">
    
<meta name="test-app/config/environment" content="%7B%22modulePrefix%22%3A%22test-app%22%2C%22environment%22%3A%22production%22%2C%22rootURL%22%3A%22%2F%22%2C%22locationType%22%3A%22auto%22%2C%22EmberENV%22%3A%7B%22FEATURES%22%3A%7B%7D%2C%22EXTEND_PROTOTYPES%22%3A%7B%22Date%22%3Afalse%7D%2C%22_APPLICATION_TEMPLATE_WRAPPER%22%3Afalse%2C%22_DEFAULT_ASYNC_OBSERVERS%22%3Atrue%2C%22_JQUERY_INTEGRATION%22%3Afalse%2C%22_TEMPLATE_ONLY_GLIMMER_COMPONENTS%22%3Atrue%7D%2C%22APP%22%3A%7B%22name%22%3A%22test-app%22%2C%22version%22%3A%220.0.0%2Bbc9090d7%22%7D%2C%22exportApplicationGlobal%22%3Afalse%7D">

    <link integrity="" rel="stylesheet" href="/assets/vendor-d41d8cd98f00b204e9800998ecf8427e.css">
    <link integrity="" rel="stylesheet" href="/assets/test-app-98ee95eb6b847855c5a1fa354975f609.css">

    
  </head>
  <body class="ember-application">
    

    <script src="/assets/vendor-bc5faef3340750f1a5942dffc6110a23.js" integrity="sha256-D8auhcyqeCKN2O8hujl0yNWiIeV7L2j0XUtoMT++ocg= sha512-EDvs7Lhr45QWBHYOa6h/znHaDqCX8fkz86XcePvcruxQePrBRhLOcd8o3wWmkfGqQyyasKJRqJac9KnPVmoxLw=="></script>
    <script src="/assets/test-app-0b7b53bffa7c2d30675b0459926d6cb5.js" integrity="sha256-PM+NVwYIvPuLjMtSap75lti1M31GqzlkbajbCmU3L2Y= sha512-K46kg9vTibips+uskrsMwz+IVFbmbhf7aeGEN7ULyQZcoxxlh8nW8Pxr/XoqJdO3v/+r7cUXjMpmpIdCX96QWA=="></script>

    
  



<h1>
  Welcome to the Prerender Test App
</h1>

<h2>Page 2</h2>

<h3>Index</h3>

  <p>
    Lorem ipsum dolor sit amet, consectetur adipiscing elit, sed do eiusmod
    tempor incididunt ut labore et dolore magna aliqua. Ut enim ad minim veniam,
    quis nostrud exercitation ullamco laboris nisi ut aliquip ex ea commodo
    consequat. Duis aute irure dolor in reprehenderit in voluptate velit esse
    cillum dolore eu fugiat nulla pariatur. Excepteur sint occaecat cupidatat
    non proident, sunt in culpa qui officia deserunt mollit anim id est
    laborum.
  </p>


<p>
  <a id="ember4" class="ember-view" href="/">Back to index</a>
</p></body>